// Jest Snapshot v1, https://goo.gl/fbAQLP

exports[`Проверка кнопки Кнопка с текстом 1`] = `
<button
  className="text text_type_button text_color_primary button undefined false "
  type="button"
>
  <p
    className="text undefined"
  >
    Текст кнопки
  </p>
</button>
`;
