// Jest Snapshot v1, https://goo.gl/fbAQLP

exports[`Проверка Circle Кружок без текста 1`] = `
<div
  className="content "
>
  <div
    className="text text_type_input text_color_input mb-4 absolute head element"
  />
  <div
    className="circle   default"
  >
    <p
      className="text text_type_circle text_color_input letter"
    />
  </div>
  <p
    className="text text_type_input text_color_input mt-4 absolute index"
  />
  <div
    className="text text_type_input text_color_input mt-4 absolute tail30 element"
  />
</div>
`;
